<?xml version="1.0" encoding="utf-8"?>
<?AutomationStudio Version="4.12.4.107 SP"?>
<Objects>
  <Object
    Path="C:\Users\maskeu\Desktop\All\projects\ECamp\CapProcess\Logical\Package.pkg"
    LogicalPath=""
    Type="Package.ParentUnknown"
    LastWriteTime="133468370428596393" />
  <Object
    Path="C:\Users\maskeu\Desktop\All\projects\ECamp\CapProcess\Temp\Includes\AS_TempDecl\Config2\GlobalComponents\MpComponents.var"
    LogicalPath="MpComponents.var"
    Type="File"
    LastWriteTime="133469256047280018"
    Private="false" />
  <Object
    Path="C:\Users\maskeu\Desktop\All\projects\ECamp\CapProcess\Logical\Global.typ"
    LogicalPath="Global.typ"
    Type="File"
    LastWriteTime="133467426534375551"
    Private="false" />
  <Object
    Path="C:\Users\maskeu\Desktop\All\projects\ECamp\CapProcess\Logical\Global.var"
    LogicalPath="Global.var"
    Type="File"
    LastWriteTime="133467078733687087"
    Private="false" />
  <Object
    Path="C:\Users\maskeu\Desktop\All\projects\ECamp\CapProcess\Logical\Libraries\Package.pkg"
    LogicalPath="Libraries"
    Type="Package"
    LastWriteTime="133465042959888931" />
  <Object
    Path="C:\Users\maskeu\Desktop\All\projects\ECamp\CapProcess\Logical\Libraries\ComTotal\Package.pkg"
    LogicalPath="Libraries.ComTotal"
    Type="Package"
    LastWriteTime="133465042959878916" />
  <Object
    Path="C:\Users\maskeu\Desktop\All\projects\ECamp\CapProcess\Logical\Libraries\ComTotal\ComTotal_L\ANSIC.lby"
    LogicalPath="Libraries.ComTotal.ComTotal_L"
    Type="Library"
    LastWriteTime="133465042959678906" />
  <Object
    Path="C:\Users\maskeu\Desktop\All\projects\ECamp\CapProcess\Logical\Libraries\ComTotal\ComTotal_L\MNG_InternalTyp.hpp"
    LogicalPath="Libraries.ComTotal.ComTotal_L.MNG_InternalTyp.hpp"
    Type="File"
    LastWriteTime="133465042959548904"
    Private="false" />
  <Object
    Path="C:\Users\maskeu\Desktop\All\projects\ECamp\CapProcess\Logical\Libraries\ComTotal\ComTotal_L\MNG_ComHdlr.hpp"
    LogicalPath="Libraries.ComTotal.ComTotal_L.MNG_ComHdlr.hpp"
    Type="File"
    LastWriteTime="133465042959588956"
    Private="false" />
  <Object
    Path="C:\Users\maskeu\Desktop\All\projects\ECamp\CapProcess\Logical\Libraries\ComTotal\ComTotal_L\MNG_ComHdlr.cpp"
    LogicalPath="Libraries.ComTotal.ComTotal_L.MNG_ComHdlr.cpp"
    Type="File"
    LastWriteTime="133465042959608902"
    Private="false" />
  <Object
    Path="C:\Users\maskeu\Desktop\All\projects\ECamp\CapProcess\Logical\Libraries\ComTotal\ComTotal_L\MNG_Global.hpp"
    LogicalPath="Libraries.ComTotal.ComTotal_L.MNG_Global.hpp"
    Type="File"
    LastWriteTime="133465042959628916"
    Private="false" />
  <Object
    Path="C:\Users\maskeu\Desktop\All\projects\ECamp\CapProcess\Logical\Libraries\ComTotal\ComTotal_L\MNG_CpyOutToMsg.cpp"
    LogicalPath="Libraries.ComTotal.ComTotal_L.MNG_CpyOutToMsg.cpp"
    Type="File"
    LastWriteTime="133465042959648911"
    Private="false" />
  <Object
    Path="C:\Users\maskeu\Desktop\All\projects\ECamp\CapProcess\Logical\Libraries\ComTotal\ComTotal_L\MNG_CpyMsgToInp.cpp"
    LogicalPath="Libraries.ComTotal.ComTotal_L.MNG_CpyMsgToInp.cpp"
    Type="File"
    LastWriteTime="133465042959668909"
    Private="false" />
  <Object
    Path="C:\Users\maskeu\Desktop\All\projects\ECamp\CapProcess\Logical\Libraries\ComTotal\ComTotal_P\ANSIC.prg"
    LogicalPath="Libraries.ComTotal.ComTotal_P"
    Type="Program"
    LastWriteTime="133465042959828915" />
  <Object
    Path="C:\Users\maskeu\Desktop\All\projects\ECamp\CapProcess\Logical\Libraries\ComTotal\ComTotal_P\Main.cpp"
    LogicalPath="Libraries.ComTotal.ComTotal_P.Main.cpp"
    Type="File"
    LastWriteTime="133466210582392459"
    Private="false" />
  <Object
    Path="C:\Users\maskeu\Desktop\All\projects\ECamp\CapProcess\Logical\Libraries\ComTotal\ComTotal_P\Types.typ"
    LogicalPath="Libraries.ComTotal.ComTotal_P.Types.typ"
    Type="File"
    LastWriteTime="133465042959798921"
    Private="true" />
  <Object
    Path="C:\Users\maskeu\Desktop\All\projects\ECamp\CapProcess\Logical\Libraries\ComTotal\ComTotal_P\Variables.var"
    LogicalPath="Libraries.ComTotal.ComTotal_P.Variables.var"
    Type="File"
    LastWriteTime="133465042959818912"
    Private="true" />
  <Object
    Path="C:\Users\maskeu\Desktop\All\projects\ECamp\CapProcess\Logical\Libraries\ComTotal\MNG_Package.typ"
    LogicalPath="Libraries.ComTotal.MNG_Package.typ"
    Type="File"
    LastWriteTime="133465042959848917"
    Private="false" />
  <Object
    Path="C:\Users\maskeu\Desktop\All\projects\ECamp\CapProcess\Logical\Libraries\ComTotal\MNG_Package.var"
    LogicalPath="Libraries.ComTotal.MNG_Package.var"
    Type="File"
    LastWriteTime="133465042959868931"
    Private="false" />
  <Object
    Path="C:\Users\maskeu\Desktop\All\projects\ECamp\CapProcess\Logical\Libraries\operator\binary.lby"
    LogicalPath="Libraries.operator"
    Type="Library"
    LastWriteTime="133460968801112829" />
  <Object
    Path="C:\Users\maskeu\Desktop\All\projects\ECamp\CapProcess\Logical\Libraries\operator\operator.fun"
    LogicalPath="Libraries.operator.operator.fun"
    Type="File"
    LastWriteTime="133460968800956758"
    Private="false" />
  <Object
    Path="C:\Users\maskeu\Desktop\All\projects\ECamp\CapProcess\Logical\Libraries\operator\operator.typ"
    LogicalPath="Libraries.operator.operator.typ"
    Type="File"
    LastWriteTime="133460968800956758"
    Private="false" />
  <Object
    Path="C:\Users\maskeu\Desktop\All\projects\ECamp\CapProcess\Logical\Libraries\operator\operator.var"
    LogicalPath="Libraries.operator.operator.var"
    Type="File"
    LastWriteTime="133460968800956758"
    Private="false" />
  <Object
    Path="C:\Users\maskeu\Desktop\All\projects\ECamp\CapProcess\Logical\Libraries\runtime\binary.lby"
    LogicalPath="Libraries.runtime"
    Type="Library"
    LastWriteTime="133460968804120797" />
  <Object
    Path="C:\Users\maskeu\Desktop\All\projects\ECamp\CapProcess\Logical\Libraries\runtime\runtime.fun"
    LogicalPath="Libraries.runtime.runtime.fun"
    Type="File"
    LastWriteTime="133460968804120797"
    Private="false" />
  <Object
    Path="C:\Users\maskeu\Desktop\All\projects\ECamp\CapProcess\Logical\Libraries\runtime\runtime.typ"
    LogicalPath="Libraries.runtime.runtime.typ"
    Type="File"
    LastWriteTime="133460968804120797"
    Private="false" />
  <Object
    Path="C:\Users\maskeu\Desktop\All\projects\ECamp\CapProcess\Logical\Libraries\runtime\runtime.var"
    LogicalPath="Libraries.runtime.runtime.var"
    Type="File"
    LastWriteTime="133460968804120797"
    Private="false" />
  <Object
    Path="C:\Users\maskeu\Desktop\All\projects\ECamp\CapProcess\Logical\Libraries\astime\binary.lby"
    LogicalPath="Libraries.astime"
    Type="Library"
    LastWriteTime="133460968807266647" />
  <Object
    Path="C:\Users\maskeu\Desktop\All\projects\ECamp\CapProcess\Logical\Libraries\astime\astime.fun"
    LogicalPath="Libraries.astime.astime.fun"
    Type="File"
    LastWriteTime="133460968807266647"
    Private="false" />
  <Object
    Path="C:\Users\maskeu\Desktop\All\projects\ECamp\CapProcess\Logical\Libraries\astime\astime.typ"
    LogicalPath="Libraries.astime.astime.typ"
    Type="File"
    LastWriteTime="133460968807266647"
    Private="false" />
  <Object
    Path="C:\Users\maskeu\Desktop\All\projects\ECamp\CapProcess\Logical\Libraries\astime\astime.var"
    LogicalPath="Libraries.astime.astime.var"
    Type="File"
    LastWriteTime="133460968807266647"
    Private="false" />
  <Object
    Path="C:\Users\maskeu\Desktop\All\projects\ECamp\CapProcess\Logical\Libraries\AsIecCon\binary.lby"
    LogicalPath="Libraries.AsIecCon"
    Type="Library"
    LastWriteTime="133460968810590697" />
  <Object
    Path="C:\Users\maskeu\Desktop\All\projects\ECamp\CapProcess\Logical\Libraries\AsIecCon\AsIecCon.fun"
    LogicalPath="Libraries.AsIecCon.AsIecCon.fun"
    Type="File"
    LastWriteTime="133460968810590697"
    Private="false" />
  <Object
    Path="C:\Users\maskeu\Desktop\All\projects\ECamp\CapProcess\Logical\Libraries\AsIecCon\AsIecCon.typ"
    LogicalPath="Libraries.AsIecCon.AsIecCon.typ"
    Type="File"
    LastWriteTime="133460968810590697"
    Private="false" />
  <Object
    Path="C:\Users\maskeu\Desktop\All\projects\ECamp\CapProcess\Logical\Libraries\AsIecCon\AsIecCon.var"
    LogicalPath="Libraries.AsIecCon.AsIecCon.var"
    Type="File"
    LastWriteTime="133460968810590697"
    Private="false" />
  <Object
    Path="C:\Users\maskeu\Desktop\All\projects\ECamp\CapProcess\Logical\Libraries\Acp10man\Binary.lby"
    LogicalPath="Libraries.Acp10man"
    Type="Library"
    LastWriteTime="133460976943608477" />
  <Object
    Path="C:\Users\maskeu\Desktop\All\projects\ECamp\CapProcess\Logical\Libraries\Acp10man\Acp10man.typ"
    LogicalPath="Libraries.Acp10man.Acp10man.typ"
    Type="File"
    LastWriteTime="133460976943608477"
    Private="false" />
  <Object
    Path="C:\Users\maskeu\Desktop\All\projects\ECamp\CapProcess\Logical\Libraries\Acp10par\Binary.lby"
    LogicalPath="Libraries.Acp10par"
    Type="Library"
    LastWriteTime="133460976944389791" />
  <Object
    Path="C:\Users\maskeu\Desktop\All\projects\ECamp\CapProcess\Logical\Libraries\Acp10par\Acp10par.var"
    LogicalPath="Libraries.Acp10par.Acp10par.var"
    Type="File"
    LastWriteTime="133460976944389791"
    Private="false" />
  <Object
    Path="C:\Users\maskeu\Desktop\All\projects\ECamp\CapProcess\Logical\Libraries\NcGlobal\Binary.lby"
    LogicalPath="Libraries.NcGlobal"
    Type="Library"
    LastWriteTime="133460976945056619" />
  <Object
    Path="C:\Users\maskeu\Desktop\All\projects\ECamp\CapProcess\Logical\Libraries\NcGlobal\NcGlobal.fun"
    LogicalPath="Libraries.NcGlobal.NcGlobal.fun"
    Type="File"
    LastWriteTime="133460976944900666"
    Private="false" />
  <Object
    Path="C:\Users\maskeu\Desktop\All\projects\ECamp\CapProcess\Logical\Libraries\NcGlobal\NcGlobal.typ"
    LogicalPath="Libraries.NcGlobal.NcGlobal.typ"
    Type="File"
    LastWriteTime="133460976944900666"
    Private="false" />
  <Object
    Path="C:\Users\maskeu\Desktop\All\projects\ECamp\CapProcess\Logical\Libraries\NcGlobal\NcGlobal.var"
    LogicalPath="Libraries.NcGlobal.NcGlobal.var"
    Type="File"
    LastWriteTime="133460976945056619"
    Private="false" />
  <Object
    Path="C:\Users\maskeu\Desktop\All\projects\ECamp\CapProcess\Logical\Libraries\Acp10sim\binary.lby"
    LogicalPath="Libraries.Acp10sim"
    Type="Library"
    LastWriteTime="133460977013763157" />
  <Object
    Path="C:\Users\maskeu\Desktop\All\projects\ECamp\CapProcess\Logical\Libraries\Acp10sim\acp10sim.var"
    LogicalPath="Libraries.Acp10sim.acp10sim.var"
    Type="File"
    LastWriteTime="133460977013606542"
    Private="false" />
  <Object
    Path="C:\Users\maskeu\Desktop\All\projects\ECamp\CapProcess\Logical\Libraries\Acp10sim\acp10sim.typ"
    LogicalPath="Libraries.Acp10sim.acp10sim.typ"
    Type="File"
    LastWriteTime="133460977013763157"
    Private="false" />
  <Object
    Path="C:\Users\maskeu\Desktop\All\projects\ECamp\CapProcess\Logical\Libraries\Acp10_MC\binary.lby"
    LogicalPath="Libraries.Acp10_MC"
    Type="Library"
    LastWriteTime="133460977020932656" />
  <Object
    Path="C:\Users\maskeu\Desktop\All\projects\ECamp\CapProcess\Logical\Libraries\Acp10_MC\acp10_mc.fun"
    LogicalPath="Libraries.Acp10_MC.acp10_mc.fun"
    Type="File"
    LastWriteTime="133460977020777388"
    Private="false" />
  <Object
    Path="C:\Users\maskeu\Desktop\All\projects\ECamp\CapProcess\Logical\Libraries\Acp10_MC\acp10_mc.typ"
    LogicalPath="Libraries.Acp10_MC.acp10_mc.typ"
    Type="File"
    LastWriteTime="133460977020777388"
    Private="false" />
  <Object
    Path="C:\Users\maskeu\Desktop\All\projects\ECamp\CapProcess\Logical\Libraries\Acp10_MC\acp10_mc.var"
    LogicalPath="Libraries.Acp10_MC.acp10_mc.var"
    Type="File"
    LastWriteTime="133460977020932656"
    Private="false" />
  <Object
    Path="C:\Users\maskeu\Desktop\All\projects\ECamp\CapProcess\Logical\Libraries\sys_lib\binary.lby"
    LogicalPath="Libraries.sys_lib"
    Type="Library"
    LastWriteTime="133460977021467201" />
  <Object
    Path="C:\Users\maskeu\Desktop\All\projects\ECamp\CapProcess\Logical\Libraries\sys_lib\sys_lib.fun"
    LogicalPath="Libraries.sys_lib.sys_lib.fun"
    Type="File"
    LastWriteTime="133460977021401808"
    Private="false" />
  <Object
    Path="C:\Users\maskeu\Desktop\All\projects\ECamp\CapProcess\Logical\Libraries\sys_lib\sys_lib.typ"
    LogicalPath="Libraries.sys_lib.sys_lib.typ"
    Type="File"
    LastWriteTime="133460977021467201"
    Private="false" />
  <Object
    Path="C:\Users\maskeu\Desktop\All\projects\ECamp\CapProcess\Logical\Libraries\sys_lib\sys_lib.var"
    LogicalPath="Libraries.sys_lib.sys_lib.var"
    Type="File"
    LastWriteTime="133460977021467201"
    Private="false" />
  <Object
    Path="C:\Users\maskeu\Desktop\All\projects\ECamp\CapProcess\Logical\Libraries\brsystem\binary.lby"
    LogicalPath="Libraries.brsystem"
    Type="Library"
    LastWriteTime="133460977022092584" />
  <Object
    Path="C:\Users\maskeu\Desktop\All\projects\ECamp\CapProcess\Logical\Libraries\brsystem\brsystem.fun"
    LogicalPath="Libraries.brsystem.brsystem.fun"
    Type="File"
    LastWriteTime="133460977021936021"
    Private="false" />
  <Object
    Path="C:\Users\maskeu\Desktop\All\projects\ECamp\CapProcess\Logical\Libraries\brsystem\brsystem.typ"
    LogicalPath="Libraries.brsystem.brsystem.typ"
    Type="File"
    LastWriteTime="133460977022092584"
    Private="false" />
  <Object
    Path="C:\Users\maskeu\Desktop\All\projects\ECamp\CapProcess\Logical\Libraries\brsystem\brsystem.var"
    LogicalPath="Libraries.brsystem.brsystem.var"
    Type="File"
    LastWriteTime="133460977022092584"
    Private="false" />
  <Object
    Path="C:\Users\maskeu\Desktop\All\projects\ECamp\CapProcess\Logical\Libraries\MpAlarmX\Binary.lby"
    LogicalPath="Libraries.MpAlarmX"
    Type="Library"
    LastWriteTime="133460977947639495" />
  <Object
    Path="C:\Users\maskeu\Desktop\All\projects\ECamp\CapProcess\Logical\Libraries\MpAlarmX\MpAlarmX.typ"
    LogicalPath="Libraries.MpAlarmX.MpAlarmX.typ"
    Type="File"
    LastWriteTime="133460977947569497"
    Private="false" />
  <Object
    Path="C:\Users\maskeu\Desktop\All\projects\ECamp\CapProcess\Logical\Libraries\MpAlarmX\MpAlarmXError.typ"
    LogicalPath="Libraries.MpAlarmX.MpAlarmXError.typ"
    Type="File"
    LastWriteTime="133460977947599496"
    Private="false" />
  <Object
    Path="C:\Users\maskeu\Desktop\All\projects\ECamp\CapProcess\Logical\Libraries\MpAlarmX\MpAlarmX.fun"
    LogicalPath="Libraries.MpAlarmX.MpAlarmX.fun"
    Type="File"
    LastWriteTime="133460977947629508"
    Private="false" />
  <Object
    Path="C:\Users\maskeu\Desktop\All\projects\ECamp\CapProcess\Logical\Libraries\MpBase\Binary.lby"
    LogicalPath="Libraries.MpBase"
    Type="Library"
    LastWriteTime="133460977948299491" />
  <Object
    Path="C:\Users\maskeu\Desktop\All\projects\ECamp\CapProcess\Logical\Libraries\MpBase\MpBase.var"
    LogicalPath="Libraries.MpBase.MpBase.var"
    Type="File"
    LastWriteTime="133460977948179509"
    Private="false" />
  <Object
    Path="C:\Users\maskeu\Desktop\All\projects\ECamp\CapProcess\Logical\Libraries\MpBase\MpBase.typ"
    LogicalPath="Libraries.MpBase.MpBase.typ"
    Type="File"
    LastWriteTime="133460977948219506"
    Private="false" />
  <Object
    Path="C:\Users\maskeu\Desktop\All\projects\ECamp\CapProcess\Logical\Libraries\MpBase\MpBase.fun"
    LogicalPath="Libraries.MpBase.MpBase.fun"
    Type="File"
    LastWriteTime="133460977948249504"
    Private="false" />
  <Object
    Path="C:\Users\maskeu\Desktop\All\projects\ECamp\CapProcess\Logical\Libraries\MpBase\Common_EventLog.tmx"
    LogicalPath="Libraries.MpBase.Common_EventLog.tmx"
    Type="File"
    LastWriteTime="133460977948289494"
    Private="false" />
  <Object
    Path="C:\Users\maskeu\Desktop\All\projects\ECamp\CapProcess\Logical\Libraries\MpAxis\Binary.lby"
    LogicalPath="Libraries.MpAxis"
    Type="Library"
    LastWriteTime="133460978964107256" />
  <Object
    Path="C:\Users\maskeu\Desktop\All\projects\ECamp\CapProcess\Logical\Libraries\MpAxis\MpAxis.typ"
    LogicalPath="Libraries.MpAxis.MpAxis.typ"
    Type="File"
    LastWriteTime="133460978963936944"
    Private="false" />
  <Object
    Path="C:\Users\maskeu\Desktop\All\projects\ECamp\CapProcess\Logical\Libraries\MpAxis\MpAxisError.typ"
    LogicalPath="Libraries.MpAxis.MpAxisError.typ"
    Type="File"
    LastWriteTime="133460978963987274"
    Private="false" />
  <Object
    Path="C:\Users\maskeu\Desktop\All\projects\ECamp\CapProcess\Logical\Libraries\MpAxis\MpAxisAlarm.typ"
    LogicalPath="Libraries.MpAxis.MpAxisAlarm.typ"
    Type="File"
    LastWriteTime="133460978964037329"
    Private="false" />
  <Object
    Path="C:\Users\maskeu\Desktop\All\projects\ECamp\CapProcess\Logical\Libraries\MpAxis\MpAxis.fun"
    LogicalPath="Libraries.MpAxis.MpAxis.fun"
    Type="File"
    LastWriteTime="133460978964086937"
    Private="false" />
  <Object
    Path="C:\Users\maskeu\Desktop\All\projects\ECamp\CapProcess\Logical\Libraries\MpCom\Binary.lby"
    LogicalPath="Libraries.MpCom"
    Type="Library"
    LastWriteTime="133460978965310392" />
  <Object
    Path="C:\Users\maskeu\Desktop\All\projects\ECamp\CapProcess\Logical\Libraries\MpCom\MpCom.var"
    LogicalPath="Libraries.MpCom.MpCom.var"
    Type="File"
    LastWriteTime="133460978965179855"
    Private="false" />
  <Object
    Path="C:\Users\maskeu\Desktop\All\projects\ECamp\CapProcess\Logical\Libraries\MpCom\MpCom.typ"
    LogicalPath="Libraries.MpCom.MpCom.typ"
    Type="File"
    LastWriteTime="133460978965230303"
    Private="false" />
  <Object
    Path="C:\Users\maskeu\Desktop\All\projects\ECamp\CapProcess\Logical\Libraries\MpCom\MpComError.typ"
    LogicalPath="Libraries.MpCom.MpComError.typ"
    Type="File"
    LastWriteTime="133460978965259844"
    Private="false" />
  <Object
    Path="C:\Users\maskeu\Desktop\All\projects\ECamp\CapProcess\Logical\Libraries\MpCom\MpCom.fun"
    LogicalPath="Libraries.MpCom.MpCom.fun"
    Type="File"
    LastWriteTime="133460978965299850"
    Private="false" />
  <Object
    Path="C:\Users\maskeu\Desktop\All\projects\ECamp\CapProcess\Logical\Libraries\MpServer\Binary.lby"
    LogicalPath="Libraries.MpServer"
    Type="Library"
    LastWriteTime="133460979619581756" />
  <Object
    Path="C:\Users\maskeu\Desktop\All\projects\ECamp\CapProcess\Logical\Libraries\MpServer\Constants.var"
    LogicalPath="Libraries.MpServer.Constants.var"
    Type="File"
    LastWriteTime="133460979619473931"
    Private="false" />
  <Object
    Path="C:\Users\maskeu\Desktop\All\projects\ECamp\CapProcess\Logical\Libraries\MpServer\Types.typ"
    LogicalPath="Libraries.MpServer.Types.typ"
    Type="File"
    LastWriteTime="133460979619503935"
    Private="false" />
  <Object
    Path="C:\Users\maskeu\Desktop\All\projects\ECamp\CapProcess\Logical\Libraries\MpServer\MpServer.fun"
    LogicalPath="Libraries.MpServer.MpServer.fun"
    Type="File"
    LastWriteTime="133460979619523943"
    Private="false" />
  <Object
    Path="C:\Users\maskeu\Desktop\All\projects\ECamp\CapProcess\Logical\Libraries\MpServer\MpServer_EventLog.tmx"
    LogicalPath="Libraries.MpServer.MpServer_EventLog.tmx"
    Type="File"
    LastWriteTime="133460979619561735"
    Private="false" />
  <Object
    Path="C:\Users\maskeu\Desktop\All\projects\ECamp\CapProcess\Logical\Libraries\MpUserX\Binary.lby"
    LogicalPath="Libraries.MpUserX"
    Type="Library"
    LastWriteTime="133464922368848903" />
  <Object
    Path="C:\Users\maskeu\Desktop\All\projects\ECamp\CapProcess\Logical\Libraries\MpUserX\MpUserX.typ"
    LogicalPath="Libraries.MpUserX.MpUserX.typ"
    Type="File"
    LastWriteTime="133464922368778981"
    Private="false" />
  <Object
    Path="C:\Users\maskeu\Desktop\All\projects\ECamp\CapProcess\Logical\Libraries\MpUserX\MpUserXError.typ"
    LogicalPath="Libraries.MpUserX.MpUserXError.typ"
    Type="File"
    LastWriteTime="133464922368798990"
    Private="false" />
  <Object
    Path="C:\Users\maskeu\Desktop\All\projects\ECamp\CapProcess\Logical\Libraries\MpUserX\MpUserXAlarm.typ"
    LogicalPath="Libraries.MpUserX.MpUserXAlarm.typ"
    Type="File"
    LastWriteTime="133464922368808901"
    Private="false" />
  <Object
    Path="C:\Users\maskeu\Desktop\All\projects\ECamp\CapProcess\Logical\Libraries\MpUserX\MpUserX.fun"
    LogicalPath="Libraries.MpUserX.MpUserX.fun"
    Type="File"
    LastWriteTime="133464922368838757"
    Private="false" />
  <Object
    Path="C:\Users\maskeu\Desktop\All\projects\ECamp\CapProcess\Logical\Libraries\AsTCP\binary.lby"
    LogicalPath="Libraries.AsTCP"
    Type="Library"
    LastWriteTime="133465041060581240" />
  <Object
    Path="C:\Users\maskeu\Desktop\All\projects\ECamp\CapProcess\Logical\Libraries\AsTCP\AsTCP.fun"
    LogicalPath="Libraries.AsTCP.AsTCP.fun"
    Type="File"
    LastWriteTime="133465041060491160"
    Private="false" />
  <Object
    Path="C:\Users\maskeu\Desktop\All\projects\ECamp\CapProcess\Logical\Libraries\AsTCP\AsTCP.typ"
    LogicalPath="Libraries.AsTCP.AsTCP.typ"
    Type="File"
    LastWriteTime="133465041060521175"
    Private="false" />
  <Object
    Path="C:\Users\maskeu\Desktop\All\projects\ECamp\CapProcess\Logical\Libraries\AsTCP\AsTCP.var"
    LogicalPath="Libraries.AsTCP.AsTCP.var"
    Type="File"
    LastWriteTime="133465041060541156"
    Private="false" />
  <Object
    Path="C:\Users\maskeu\Desktop\All\projects\ECamp\CapProcess\Logical\Libraries\standard\binary.lby"
    LogicalPath="Libraries.standard"
    Type="Library"
    LastWriteTime="133465041068240152" />
  <Object
    Path="C:\Users\maskeu\Desktop\All\projects\ECamp\CapProcess\Logical\Libraries\standard\standard.fun"
    LogicalPath="Libraries.standard.standard.fun"
    Type="File"
    LastWriteTime="133465041068130088"
    Private="false" />
  <Object
    Path="C:\Users\maskeu\Desktop\All\projects\ECamp\CapProcess\Logical\Libraries\standard\standard.typ"
    LogicalPath="Libraries.standard.standard.typ"
    Type="File"
    LastWriteTime="133465041068160084"
    Private="false" />
  <Object
    Path="C:\Users\maskeu\Desktop\All\projects\ECamp\CapProcess\Logical\Libraries\standard\standard.var"
    LogicalPath="Libraries.standard.standard.var"
    Type="File"
    LastWriteTime="133465041068180099"
    Private="false" />
  <Object
    Path="C:\Users\maskeu\Desktop\All\projects\ECamp\CapProcess\Logical\Libraries\ArEventLog\binary.lby"
    LogicalPath="Libraries.ArEventLog"
    Type="Library"
    LastWriteTime="133465041072303065" />
  <Object
    Path="C:\Users\maskeu\Desktop\All\projects\ECamp\CapProcess\Logical\Libraries\ArEventLog\ArEventLog.fun"
    LogicalPath="Libraries.ArEventLog.ArEventLog.fun"
    Type="File"
    LastWriteTime="133465041072233069"
    Private="false" />
  <Object
    Path="C:\Users\maskeu\Desktop\All\projects\ECamp\CapProcess\Logical\Libraries\ArEventLog\ArEventLog.typ"
    LogicalPath="Libraries.ArEventLog.ArEventLog.typ"
    Type="File"
    LastWriteTime="133465041072243071"
    Private="false" />
  <Object
    Path="C:\Users\maskeu\Desktop\All\projects\ECamp\CapProcess\Logical\Libraries\ArEventLog\ArEventLog.var"
    LogicalPath="Libraries.ArEventLog.ArEventLog.var"
    Type="File"
    LastWriteTime="133465041072273069"
    Private="false" />
  <Object
    Path="C:\Users\maskeu\Desktop\All\projects\ECamp\CapProcess\Logical\Libraries\AsBrStr\binary.lby"
    LogicalPath="Libraries.AsBrStr"
    Type="Library"
    LastWriteTime="133465041076003074" />
  <Object
    Path="C:\Users\maskeu\Desktop\All\projects\ECamp\CapProcess\Logical\Libraries\AsBrStr\AsBrStr.fun"
    LogicalPath="Libraries.AsBrStr.AsBrStr.fun"
    Type="File"
    LastWriteTime="133465041075923069"
    Private="false" />
  <Object
    Path="C:\Users\maskeu\Desktop\All\projects\ECamp\CapProcess\Logical\Libraries\AsBrStr\AsBrStr.typ"
    LogicalPath="Libraries.AsBrStr.AsBrStr.typ"
    Type="File"
    LastWriteTime="133465041075943065"
    Private="false" />
  <Object
    Path="C:\Users\maskeu\Desktop\All\projects\ECamp\CapProcess\Logical\Libraries\AsBrStr\AsBrStr.var"
    LogicalPath="Libraries.AsBrStr.AsBrStr.var"
    Type="File"
    LastWriteTime="133465041075963071"
    Private="false" />
  <Object
    Path="C:\Users\maskeu\Desktop\All\projects\ECamp\CapProcess\Logical\acp10etxen\Ett.dob"
    LogicalPath="acp10etxen"
    Type="DataObject"
    LastWriteTime="133460977003818072" />
  <Object
    Path="C:\Users\maskeu\Desktop\All\projects\ECamp\CapProcess\Logical\acp10etxen\acp10etxen.ett"
    LogicalPath="acp10etxen.acp10etxen.ett"
    Type="File"
    LastWriteTime="133460977005063342"
    Private="false" />
  <Object
    Path="C:\Users\maskeu\Desktop\All\projects\ECamp\CapProcess\Logical\gAxis01obj\Package.pkg"
    LogicalPath="gAxis01obj"
    Type="Package"
    LastWriteTime="133460977033654225" />
  <Object
    Path="C:\Users\maskeu\Desktop\All\projects\ECamp\CapProcess\Logical\gAxis01obj\gAxis01a\Apt.dob"
    LogicalPath="gAxis01obj.gAxis01a"
    Type="DataObject"
    LastWriteTime="133460977031119436" />
  <Object
    Path="C:\Users\maskeu\Desktop\All\projects\ECamp\CapProcess\Logical\gAxis01obj\gAxis01a\gAxis01a.apt"
    LogicalPath="gAxis01obj.gAxis01a.gAxis01a.apt"
    Type="File"
    LastWriteTime="133460977031650781"
    Private="false" />
  <Object
    Path="C:\Users\maskeu\Desktop\All\projects\ECamp\CapProcess\Logical\gAxis01obj\gAxis01i\Ax.dob"
    LogicalPath="gAxis01obj.gAxis01i"
    Type="DataObject"
    LastWriteTime="133460977032364188" />
  <Object
    Path="C:\Users\maskeu\Desktop\All\projects\ECamp\CapProcess\Logical\gAxis01obj\gAxis01i\gAxis01i.ax"
    LogicalPath="gAxis01obj.gAxis01i.gAxis01i.ax"
    Type="File"
    LastWriteTime="133467436844324124"
    Private="false" />
  <Object
    Path="C:\Users\maskeu\Desktop\All\projects\ECamp\CapProcess\Logical\gAxis02obj\Package.pkg"
    LogicalPath="gAxis02obj"
    Type="Package"
    LastWriteTime="133460977037822914" />
  <Object
    Path="C:\Users\maskeu\Desktop\All\projects\ECamp\CapProcess\Logical\gAxis02obj\gAxis02a\Apt.dob"
    LogicalPath="gAxis02obj.gAxis02a"
    Type="DataObject"
    LastWriteTime="133460977034811407" />
  <Object
    Path="C:\Users\maskeu\Desktop\All\projects\ECamp\CapProcess\Logical\gAxis02obj\gAxis02a\gAxis02a.apt"
    LogicalPath="gAxis02obj.gAxis02a.gAxis02a.apt"
    Type="File"
    LastWriteTime="133460977034968131"
    Private="false" />
  <Object
    Path="C:\Users\maskeu\Desktop\All\projects\ECamp\CapProcess\Logical\gAxis02obj\gAxis02i\Ax.dob"
    LogicalPath="gAxis02obj.gAxis02i"
    Type="DataObject"
    LastWriteTime="133460977035815278" />
  <Object
    Path="C:\Users\maskeu\Desktop\All\projects\ECamp\CapProcess\Logical\gAxis02obj\gAxis02i\gAxis02i.ax"
    LogicalPath="gAxis02obj.gAxis02i.gAxis02i.ax"
    Type="File"
    LastWriteTime="133469337775733252"
    Private="false" />
  <Object
    Path="C:\Users\maskeu\Desktop\All\projects\ECamp\CapProcess\Logical\AlarmsPkg\Package.pkg"
    LogicalPath="AlarmsPkg"
    Type="Package"
    LastWriteTime="133464868162125129" />
  <Object
    Path="C:\Users\maskeu\Desktop\All\projects\ECamp\CapProcess\Logical\AlarmsPkg\AlarmsX\IEC.prg"
    LogicalPath="AlarmsPkg.AlarmsX"
    Type="Program"
    LastWriteTime="133464866349103470" />
  <Object
    Path="C:\Users\maskeu\Desktop\All\projects\ECamp\CapProcess\Logical\AlarmsPkg\AlarmsX\Main.st"
    LogicalPath="AlarmsPkg.AlarmsX.Main.st"
    Type="File"
    LastWriteTime="133467603313796147"
    Private="false" />
  <Object
    Path="C:\Users\maskeu\Desktop\All\projects\ECamp\CapProcess\Logical\AlarmsPkg\AlarmsX\Types.typ"
    LogicalPath="AlarmsPkg.AlarmsX.Types.typ"
    Type="File"
    LastWriteTime="133464866349043476"
    Private="true" />
  <Object
    Path="C:\Users\maskeu\Desktop\All\projects\ECamp\CapProcess\Logical\AlarmsPkg\AlarmsX\Variables.var"
    LogicalPath="AlarmsPkg.AlarmsX.Variables.var"
    Type="File"
    LastWriteTime="133464868794601281"
    Private="true" />
  <Object
    Path="C:\Users\maskeu\Desktop\All\projects\ECamp\CapProcess\Logical\MNG_Global.typ"
    LogicalPath="MNG_Global.typ"
    Type="File"
    LastWriteTime="133465042714099302"
    Private="false" />
  <Object
    Path="C:\Users\maskeu\Desktop\All\projects\ECamp\CapProcess\Logical\CapPushPkg\Package.pkg"
    LogicalPath="CapPushPkg"
    Type="Package"
    LastWriteTime="133465097435879158" />
  <Object
    Path="C:\Users\maskeu\Desktop\All\projects\ECamp\CapProcess\Logical\CapPushPkg\CapPush\IEC.prg"
    LogicalPath="CapPushPkg.CapPush"
    Type="Program"
    LastWriteTime="133467595848464389" />
  <Object
    Path="C:\Users\maskeu\Desktop\All\projects\ECamp\CapProcess\Logical\CapPushPkg\CapPush\Main.st"
    LogicalPath="CapPushPkg.CapPush.Main.st"
    Type="File"
    LastWriteTime="133470025603979594"
    Private="false" />
  <Object
    Path="C:\Users\maskeu\Desktop\All\projects\ECamp\CapProcess\Logical\CapPushPkg\CapPush\Types.typ"
    LogicalPath="CapPushPkg.CapPush.Types.typ"
    Type="File"
    LastWriteTime="133465928431991975"
    Private="true" />
  <Object
    Path="C:\Users\maskeu\Desktop\All\projects\ECamp\CapProcess\Logical\CapPushPkg\CapPush\Variables.var"
    LogicalPath="CapPushPkg.CapPush.Variables.var"
    Type="File"
    LastWriteTime="133467721716161180"
    Private="true" />
  <Object
    Path="C:\Users\maskeu\Desktop\All\projects\ECamp\CapProcess\Logical\CapPushPkg\CapPush\AlarmsCP.st"
    LogicalPath="CapPushPkg.CapPush.AlarmsCP.st"
    Type="File"
    LastWriteTime="133467641241248548"
    Private="false" />
  <Object
    Path="C:\Users\maskeu\Desktop\All\projects\ECamp\CapProcess\Logical\CapPushPkg\CapPushtyp.typ"
    LogicalPath="CapPushPkg.CapPushtyp.typ"
    Type="File"
    LastWriteTime="133465939575012353"
    Private="false" />
  <Object
    Path="C:\Users\maskeu\Desktop\All\projects\ECamp\CapProcess\Logical\PickupArmPkg\Package.pkg"
    LogicalPath="PickupArmPkg"
    Type="Package"
    LastWriteTime="133465295086792980" />
  <Object
    Path="C:\Users\maskeu\Desktop\All\projects\ECamp\CapProcess\Logical\PickupArmPkg\PickupArm\IEC.prg"
    LogicalPath="PickupArmPkg.PickupArm"
    Type="Program"
    LastWriteTime="133467606302971588" />
  <Object
    Path="C:\Users\maskeu\Desktop\All\projects\ECamp\CapProcess\Logical\PickupArmPkg\PickupArm\Main.st"
    LogicalPath="PickupArmPkg.PickupArm.Main.st"
    Type="File"
    LastWriteTime="133469264120134436"
    Private="false" />
  <Object
    Path="C:\Users\maskeu\Desktop\All\projects\ECamp\CapProcess\Logical\PickupArmPkg\PickupArm\Types.typ"
    LogicalPath="PickupArmPkg.PickupArm.Types.typ"
    Type="File"
    LastWriteTime="133465947933823901"
    Private="true" />
  <Object
    Path="C:\Users\maskeu\Desktop\All\projects\ECamp\CapProcess\Logical\PickupArmPkg\PickupArm\Variables.var"
    LogicalPath="PickupArmPkg.PickupArm.Variables.var"
    Type="File"
    LastWriteTime="133467721779644345"
    Private="true" />
  <Object
    Path="C:\Users\maskeu\Desktop\All\projects\ECamp\CapProcess\Logical\PickupArmPkg\PickupArm\AlarmsPA.st"
    LogicalPath="PickupArmPkg.PickupArm.AlarmsPA.st"
    Type="File"
    LastWriteTime="133467610484009791"
    Private="false" />
  <Object
    Path="C:\Users\maskeu\Desktop\All\projects\ECamp\CapProcess\Logical\PickupArmPkg\Pickuptyp.typ"
    LogicalPath="PickupArmPkg.Pickuptyp.typ"
    Type="File"
    LastWriteTime="133465941160773758"
    Private="false" />
  <Object
    Path="C:\Users\maskeu\Desktop\All\projects\ECamp\CapProcess\Logical\LogoConvPkg\Package.pkg"
    LogicalPath="LogoConvPkg"
    Type="Package"
    LastWriteTime="133466886546214071" />
  <Object
    Path="C:\Users\maskeu\Desktop\All\projects\ECamp\CapProcess\Logical\LogoConvPkg\LogoCOnv\IEC.prg"
    LogicalPath="LogoConvPkg.LogoCOnv"
    Type="Program"
    LastWriteTime="133467612786638852" />
  <Object
    Path="C:\Users\maskeu\Desktop\All\projects\ECamp\CapProcess\Logical\LogoConvPkg\LogoCOnv\Main.st"
    LogicalPath="LogoConvPkg.LogoCOnv.Main.st"
    Type="File"
    LastWriteTime="133470044533411791"
    Private="false" />
  <Object
    Path="C:\Users\maskeu\Desktop\All\projects\ECamp\CapProcess\Logical\LogoConvPkg\LogoCOnv\Types.typ"
    LogicalPath="LogoConvPkg.LogoCOnv.Types.typ"
    Type="File"
    LastWriteTime="133467438565428440"
    Private="true" />
  <Object
    Path="C:\Users\maskeu\Desktop\All\projects\ECamp\CapProcess\Logical\LogoConvPkg\LogoCOnv\Variables.var"
    LogicalPath="LogoConvPkg.LogoCOnv.Variables.var"
    Type="File"
    LastWriteTime="133470062805997730"
    Private="true" />
  <Object
    Path="C:\Users\maskeu\Desktop\All\projects\ECamp\CapProcess\Logical\LogoConvPkg\LogoCOnv\LogoAxis.st"
    LogicalPath="LogoConvPkg.LogoCOnv.LogoAxis.st"
    Type="File"
    LastWriteTime="133470062619438631"
    Private="false" />
  <Object
    Path="C:\Users\maskeu\Desktop\All\projects\ECamp\CapProcess\Logical\LogoConvPkg\LogoCOnv\AlarmsLC.st"
    LogicalPath="LogoConvPkg.LogoCOnv.AlarmsLC.st"
    Type="File"
    LastWriteTime="133468406233641605"
    Private="false" />
  <Object
    Path="C:\Users\maskeu\Desktop\All\projects\ECamp\CapProcess\Logical\LogoConvPkg\LogoTyp.typ"
    LogicalPath="LogoConvPkg.LogoTyp.typ"
    Type="File"
    LastWriteTime="133465961618046271"
    Private="false" />
  <Object
    Path="C:\Users\maskeu\Desktop\All\projects\ECamp\CapProcess\Logical\SortConvPkg\Package.pkg"
    LogicalPath="SortConvPkg"
    Type="Package"
    LastWriteTime="133466885954001831" />
  <Object
    Path="C:\Users\maskeu\Desktop\All\projects\ECamp\CapProcess\Logical\SortConvPkg\SortConv\IEC.prg"
    LogicalPath="SortConvPkg.SortConv"
    Type="Program"
    LastWriteTime="133467615310862756" />
  <Object
    Path="C:\Users\maskeu\Desktop\All\projects\ECamp\CapProcess\Logical\SortConvPkg\SortConv\Main.st"
    LogicalPath="SortConvPkg.SortConv.Main.st"
    Type="File"
    LastWriteTime="133470019141001342"
    Private="false" />
  <Object
    Path="C:\Users\maskeu\Desktop\All\projects\ECamp\CapProcess\Logical\SortConvPkg\SortConv\Types.typ"
    LogicalPath="SortConvPkg.SortConv.Types.typ"
    Type="File"
    LastWriteTime="133467521436758255"
    Private="true" />
  <Object
    Path="C:\Users\maskeu\Desktop\All\projects\ECamp\CapProcess\Logical\SortConvPkg\SortConv\Variables.var"
    LogicalPath="SortConvPkg.SortConv.Variables.var"
    Type="File"
    LastWriteTime="133470063132798817"
    Private="true" />
  <Object
    Path="C:\Users\maskeu\Desktop\All\projects\ECamp\CapProcess\Logical\SortConvPkg\SortConv\SortAxisA.st"
    LogicalPath="SortConvPkg.SortConv.SortAxisA.st"
    Type="File"
    LastWriteTime="133470063132638857"
    Private="false" />
  <Object
    Path="C:\Users\maskeu\Desktop\All\projects\ECamp\CapProcess\Logical\SortConvPkg\SortConv\AlarmsSC.st"
    LogicalPath="SortConvPkg.SortConv.AlarmsSC.st"
    Type="File"
    LastWriteTime="133467623665216568"
    Private="false" />
  <Object
    Path="C:\Users\maskeu\Desktop\All\projects\ECamp\CapProcess\Logical\SortConvPkg\SortTyp.typ"
    LogicalPath="SortConvPkg.SortTyp.typ"
    Type="File"
    LastWriteTime="133466164273615271"
    Private="false" />
  <Object
    Path="C:\Users\maskeu\Desktop\All\projects\ECamp\CapProcess\Logical\ClrDetectPkg\Package.pkg"
    LogicalPath="ClrDetectPkg"
    Type="Package"
    LastWriteTime="133466886011368535" />
  <Object
    Path="C:\Users\maskeu\Desktop\All\projects\ECamp\CapProcess\Logical\ClrDetectPkg\ClrDetect\IEC.prg"
    LogicalPath="ClrDetectPkg.ClrDetect"
    Type="Program"
    LastWriteTime="133467620451748316" />
  <Object
    Path="C:\Users\maskeu\Desktop\All\projects\ECamp\CapProcess\Logical\ClrDetectPkg\ClrDetect\Main.st"
    LogicalPath="ClrDetectPkg.ClrDetect.Main.st"
    Type="File"
    LastWriteTime="133469374434747647"
    Private="false" />
  <Object
    Path="C:\Users\maskeu\Desktop\All\projects\ECamp\CapProcess\Logical\ClrDetectPkg\ClrDetect\Types.typ"
    LogicalPath="ClrDetectPkg.ClrDetect.Types.typ"
    Type="File"
    LastWriteTime="133466165769075245"
    Private="true" />
  <Object
    Path="C:\Users\maskeu\Desktop\All\projects\ECamp\CapProcess\Logical\ClrDetectPkg\ClrDetect\Variables.var"
    LogicalPath="ClrDetectPkg.ClrDetect.Variables.var"
    Type="File"
    LastWriteTime="133467722232356746"
    Private="true" />
  <Object
    Path="C:\Users\maskeu\Desktop\All\projects\ECamp\CapProcess\Logical\ClrDetectPkg\ClrDetect\AlarmsCD.st"
    LogicalPath="ClrDetectPkg.ClrDetect.AlarmsCD.st"
    Type="File"
    LastWriteTime="133469226453216822"
    Private="false" />
  <Object
    Path="C:\Users\maskeu\Desktop\All\projects\ECamp\CapProcess\Logical\ClrDetectPkg\ClrDetTyp.typ"
    LogicalPath="ClrDetectPkg.ClrDetTyp.typ"
    Type="File"
    LastWriteTime="133467508747263134"
    Private="false" />
  <Object
    Path="C:\Users\maskeu\Desktop\All\projects\ECamp\CapProcess\Logical\LaneGatesPkg\Package.pkg"
    LogicalPath="LaneGatesPkg"
    Type="Package"
    LastWriteTime="133465127524879891" />
  <Object
    Path="C:\Users\maskeu\Desktop\All\projects\ECamp\CapProcess\Logical\LaneGatesPkg\LineGates\IEC.prg"
    LogicalPath="LaneGatesPkg.LineGates"
    Type="Program"
    LastWriteTime="133467626788814398" />
  <Object
    Path="C:\Users\maskeu\Desktop\All\projects\ECamp\CapProcess\Logical\LaneGatesPkg\LineGates\Main.st"
    LogicalPath="LaneGatesPkg.LineGates.Main.st"
    Type="File"
    LastWriteTime="133470036734183877"
    Private="false" />
  <Object
    Path="C:\Users\maskeu\Desktop\All\projects\ECamp\CapProcess\Logical\LaneGatesPkg\LineGates\Types.typ"
    LogicalPath="LaneGatesPkg.LineGates.Types.typ"
    Type="File"
    LastWriteTime="133469374743237837"
    Private="true" />
  <Object
    Path="C:\Users\maskeu\Desktop\All\projects\ECamp\CapProcess\Logical\LaneGatesPkg\LineGates\Variables.var"
    LogicalPath="LaneGatesPkg.LineGates.Variables.var"
    Type="File"
    LastWriteTime="133467722347514360"
    Private="true" />
  <Object
    Path="C:\Users\maskeu\Desktop\All\projects\ECamp\CapProcess\Logical\LaneGatesPkg\LineGates\AlarmsLG.st"
    LogicalPath="LaneGatesPkg.LineGates.AlarmsLG.st"
    Type="File"
    LastWriteTime="133467627670602609"
    Private="false" />
  <Object
    Path="C:\Users\maskeu\Desktop\All\projects\ECamp\CapProcess\Logical\LaneGatesPkg\Types.typ"
    LogicalPath="LaneGatesPkg.Types.typ"
    Type="File"
    LastWriteTime="133467508748794389"
    Private="false" />
  <Object
    Path="C:\Users\maskeu\Desktop\All\projects\ECamp\CapProcess\Logical\AutoCtrlPkg\Package.pkg"
    LogicalPath="AutoCtrlPkg"
    Type="Package"
    LastWriteTime="133465229493567670" />
  <Object
    Path="C:\Users\maskeu\Desktop\All\projects\ECamp\CapProcess\Logical\AutoCtrlPkg\AutoCtrl\IEC.prg"
    LogicalPath="AutoCtrlPkg.AutoCtrl"
    Type="Program"
    LastWriteTime="133469445597829334" />
  <Object
    Path="C:\Users\maskeu\Desktop\All\projects\ECamp\CapProcess\Logical\AutoCtrlPkg\AutoCtrl\Main.st"
    LogicalPath="AutoCtrlPkg.AutoCtrl.Main.st"
    Type="File"
    LastWriteTime="133470058805458285"
    Private="false" />
  <Object
    Path="C:\Users\maskeu\Desktop\All\projects\ECamp\CapProcess\Logical\AutoCtrlPkg\AutoCtrl\Types.typ"
    LogicalPath="AutoCtrlPkg.AutoCtrl.Types.typ"
    Type="File"
    LastWriteTime="133469248145113388"
    Private="true" />
  <Object
    Path="C:\Users\maskeu\Desktop\All\projects\ECamp\CapProcess\Logical\AutoCtrlPkg\AutoCtrl\Variables.var"
    LogicalPath="AutoCtrlPkg.AutoCtrl.Variables.var"
    Type="File"
    LastWriteTime="133469236840718278"
    Private="true" />
  <Object
    Path="C:\Users\maskeu\Desktop\All\projects\ECamp\CapProcess\Logical\AutoCtrlPkg\AutoCtrl\AutoAlarms.st"
    LogicalPath="AutoCtrlPkg.AutoCtrl.AutoAlarms.st"
    Type="File"
    LastWriteTime="133469446012163674"
    Private="false" />
  <Object
    Path="C:\Users\maskeu\Desktop\All\projects\ECamp\CapProcess\Logical\mappView\Package.pkg"
    LogicalPath="mappView"
    Type="Package"
    LastWriteTime="133468370428586410" />
  <Object
    Path="C:\Users\maskeu\Desktop\All\projects\ECamp\CapProcess\Logical\mappView\Layouts\Package.pkg"
    LogicalPath="mappView.Layouts"
    Type="Package"
    LastWriteTime="133468370426566404" />
  <Object
    Path="C:\Users\maskeu\Desktop\All\projects\ECamp\CapProcess\Logical\mappView\Widgets\Package.pkg"
    LogicalPath="mappView.Widgets"
    Type="Package"
    LastWriteTime="133468370426626416" />
  <Object
    Path="C:\Users\maskeu\Desktop\All\projects\ECamp\CapProcess\Logical\mappView\Resources\Package.pkg"
    LogicalPath="mappView.Resources"
    Type="Package"
    LastWriteTime="133468370427046436" />
  <Object
    Path="C:\Users\maskeu\Desktop\All\projects\ECamp\CapProcess\Logical\mappView\Resources\Texts\Package.pkg"
    LogicalPath="mappView.Resources.Texts"
    Type="Package"
    LastWriteTime="133468370426766487" />
  <Object
    Path="C:\Users\maskeu\Desktop\All\projects\ECamp\CapProcess\Logical\mappView\Resources\Snippets\Package.pkg"
    LogicalPath="mappView.Resources.Snippets"
    Type="Package"
    LastWriteTime="133468370426836415" />
  <Object
    Path="C:\Users\maskeu\Desktop\All\projects\ECamp\CapProcess\Logical\mappView\Resources\Themes\Package.pkg"
    LogicalPath="mappView.Resources.Themes"
    Type="Package"
    LastWriteTime="133468370426926413" />
  <Object
    Path="C:\Users\maskeu\Desktop\All\projects\ECamp\CapProcess\Logical\mappView\Resources\Media\Package.pkg"
    LogicalPath="mappView.Resources.Media"
    Type="Package"
    LastWriteTime="133468375655460814" />
  <Object
    Path="C:\Users\maskeu\Desktop\All\projects\ECamp\CapProcess\Logical\mappView\Resources\Media\login.png"
    LogicalPath="mappView.Resources.Media.login.png"
    Type="File"
    LastWriteTime="133447660660000000"
    Private="false" />
  <Object
    Path="C:\Users\maskeu\Desktop\All\projects\ECamp\CapProcess\Logical\mappView\Resources\Media\soda.png"
    LogicalPath="mappView.Resources.Media.soda.png"
    Type="File"
    LastWriteTime="133458210676675159"
    Private="false" />
  <Object
    Path="C:\Users\maskeu\Desktop\All\projects\ECamp\CapProcess\Logical\mappView\Resources\Media\stop.png"
    LogicalPath="mappView.Resources.Media.stop.png"
    Type="File"
    LastWriteTime="133447562400000000"
    Private="false" />
  <Object
    Path="C:\Users\maskeu\Desktop\All\projects\ECamp\CapProcess\Logical\mappView\Resources\Media\adjust.png"
    LogicalPath="mappView.Resources.Media.adjust.png"
    Type="File"
    LastWriteTime="133447490160000000"
    Private="false" />
  <Object
    Path="C:\Users\maskeu\Desktop\All\projects\ECamp\CapProcess\Logical\mappView\Resources\Media\alarm.png"
    LogicalPath="mappView.Resources.Media.alarm.png"
    Type="File"
    LastWriteTime="133447485020000000"
    Private="false" />
  <Object
    Path="C:\Users\maskeu\Desktop\All\projects\ECamp\CapProcess\Logical\mappView\Resources\Media\check.png"
    LogicalPath="mappView.Resources.Media.check.png"
    Type="File"
    LastWriteTime="133447641800000000"
    Private="false" />
  <Object
    Path="C:\Users\maskeu\Desktop\All\projects\ECamp\CapProcess\Logical\mappView\Resources\Media\checked.png"
    LogicalPath="mappView.Resources.Media.checked.png"
    Type="File"
    LastWriteTime="133447641860000000"
    Private="false" />
  <Object
    Path="C:\Users\maskeu\Desktop\All\projects\ECamp\CapProcess\Logical\mappView\Resources\Media\Estop.png"
    LogicalPath="mappView.Resources.Media.Estop.png"
    Type="File"
    LastWriteTime="133447572100000000"
    Private="false" />
  <Object
    Path="C:\Users\maskeu\Desktop\All\projects\ECamp\CapProcess\Logical\mappView\Resources\Media\home.png"
    LogicalPath="mappView.Resources.Media.home.png"
    Type="File"
    LastWriteTime="133447483300000000"
    Private="false" />
  <Object
    Path="C:\Users\maskeu\Desktop\All\projects\ECamp\CapProcess\Logical\mappView\Resources\Media\Logo.png"
    LogicalPath="mappView.Resources.Media.Logo.png"
    Type="File"
    LastWriteTime="133416711020000000"
    Private="false" />
  <Object
    Path="C:\Users\maskeu\Desktop\All\projects\ECamp\CapProcess\Logical\mappView\Resources\Media\logout.png"
    LogicalPath="mappView.Resources.Media.logout.png"
    Type="File"
    LastWriteTime="133447666100000000"
    Private="false" />
  <Object
    Path="C:\Users\maskeu\Desktop\All\projects\ECamp\CapProcess\Logical\mappView\Resources\Media\play.png"
    LogicalPath="mappView.Resources.Media.play.png"
    Type="File"
    LastWriteTime="133447511180000000"
    Private="false" />
  <Object
    Path="C:\Users\maskeu\Desktop\All\projects\ECamp\CapProcess\Logical\mappView\Visualization\Package.pkg"
    LogicalPath="mappView.Visualization"
    Type="Package"
    LastWriteTime="133468370428456450" />
  <Object
    Path="C:\Users\maskeu\Desktop\All\projects\ECamp\CapProcess\Logical\mappView\Visualization\Pages\Package.pkg"
    LogicalPath="mappView.Visualization.Pages"
    Type="Package"
    LastWriteTime="133468370427616409" />
  <Object
    Path="C:\Users\maskeu\Desktop\All\projects\ECamp\CapProcess\Logical\mappView\Visualization\Pages\AreaContents\Package.pkg"
    LogicalPath="mappView.Visualization.Pages.AreaContents"
    Type="Package"
    LastWriteTime="133468370427216467" />
  <Object
    Path="C:\Users\maskeu\Desktop\All\projects\ECamp\CapProcess\Logical\mappView\Visualization\Pages\MainPage\Package.pkg"
    LogicalPath="mappView.Visualization.Pages.MainPage"
    Type="Package"
    LastWriteTime="133469334889033150" />
  <Object
    Path="C:\Users\maskeu\Desktop\All\projects\ECamp\CapProcess\Logical\mappView\Visualization\Pages\MainPage\Page.page"
    LogicalPath="mappView.Visualization.Pages.MainPage.Page.page"
    Type="File"
    LastWriteTime="133468461868270579"
    Private="false" />
  <Object
    Path="C:\Users\maskeu\Desktop\All\projects\ECamp\CapProcess\Logical\mappView\Visualization\Pages\MainPage\BodyContent.content"
    LogicalPath="mappView.Visualization.Pages.MainPage.BodyContent.content"
    Type="File"
    LastWriteTime="133469432523002122"
    Private="false" />
  <Object
    Path="C:\Users\maskeu\Desktop\All\projects\ECamp\CapProcess\Logical\mappView\Visualization\Pages\MainPage\NavBar.content"
    LogicalPath="mappView.Visualization.Pages.MainPage.NavBar.content"
    Type="File"
    LastWriteTime="133468370427396401"
    Private="false" />
  <Object
    Path="C:\Users\maskeu\Desktop\All\projects\ECamp\CapProcess\Logical\mappView\Visualization\Pages\MainPage\Header.content"
    LogicalPath="mappView.Visualization.Pages.MainPage.Header.content"
    Type="File"
    LastWriteTime="133468370427426426"
    Private="false" />
  <Object
    Path="C:\Users\maskeu\Desktop\All\projects\ECamp\CapProcess\Logical\mappView\Visualization\Pages\MainPage\AlarmsCont.content"
    LogicalPath="mappView.Visualization.Pages.MainPage.AlarmsCont.content"
    Type="File"
    LastWriteTime="133468370427466403"
    Private="false" />
  <Object
    Path="C:\Users\maskeu\Desktop\All\projects\ECamp\CapProcess\Logical\mappView\Visualization\Pages\MainPage\UserMgt.content"
    LogicalPath="mappView.Visualization.Pages.MainPage.UserMgt.content"
    Type="File"
    LastWriteTime="133468370427486399"
    Private="false" />
  <Object
    Path="C:\Users\maskeu\Desktop\All\projects\ECamp\CapProcess\Logical\mappView\Visualization\Pages\MainPage\Diagnostic.content"
    LogicalPath="mappView.Visualization.Pages.MainPage.Diagnostic.content"
    Type="File"
    LastWriteTime="133468370427556423"
    Private="false" />
  <Object
    Path="C:\Users\maskeu\Desktop\All\projects\ECamp\CapProcess\Logical\mappView\Visualization\Pages\MainPage\ManualMode.content"
    LogicalPath="mappView.Visualization.Pages.MainPage.ManualMode.content"
    Type="File"
    LastWriteTime="133470093481164658"
    Private="false" />
  <Object
    Path="C:\Users\maskeu\Desktop\All\projects\ECamp\CapProcess\Logical\mappView\Visualization\Pages\MainPage\Settings.content"
    LogicalPath="mappView.Visualization.Pages.MainPage.Settings.content"
    Type="File"
    LastWriteTime="133470091792691378"
    Private="false" />
  <Object
    Path="C:\Users\maskeu\Desktop\All\projects\ECamp\CapProcess\Logical\mappView\Visualization\Variables\Package.pkg"
    LogicalPath="mappView.Visualization.Variables"
    Type="Package"
    LastWriteTime="133468370427706522" />
  <Object
    Path="C:\Users\maskeu\Desktop\All\projects\ECamp\CapProcess\Logical\mappView\Visualization\Expressions\Package.pkg"
    LogicalPath="mappView.Visualization.Expressions"
    Type="Package"
    LastWriteTime="133468370427796481" />
  <Object
    Path="C:\Users\maskeu\Desktop\All\projects\ECamp\CapProcess\Logical\mappView\Visualization\Layouts\Package.pkg"
    LogicalPath="mappView.Visualization.Layouts"
    Type="Package"
    LastWriteTime="133468370427957214" />
  <Object
    Path="C:\Users\maskeu\Desktop\All\projects\ECamp\CapProcess\Logical\mappView\Visualization\Layouts\Layout.layout"
    LogicalPath="mappView.Visualization.Layouts.Layout.layout"
    Type="File"
    LastWriteTime="133468370427936472"
    Private="false" />
  <Object
    Path="C:\Users\maskeu\Desktop\All\projects\ECamp\CapProcess\Logical\mappView\Visualization\Dialogs\Package.pkg"
    LogicalPath="mappView.Visualization.Dialogs"
    Type="Package"
    LastWriteTime="133468370428186408" />
  <Object
    Path="C:\Users\maskeu\Desktop\All\projects\ECamp\CapProcess\Logical\mappView\Visualization\Dialogs\AreaContents\Package.pkg"
    LogicalPath="mappView.Visualization.Dialogs.AreaContents"
    Type="Package"
    LastWriteTime="133468370428146446" />
  <Object
    Path="C:\Users\maskeu\Desktop\All\projects\ECamp\CapProcess\Logical\mappView\Visualization\Resources\Package.pkg"
    LogicalPath="mappView.Visualization.Resources"
    Type="Package"
    LastWriteTime="133468370428416409" />
  <Object
    Path="C:\Users\maskeu\Desktop\All\projects\ECamp\CapProcess\Logical\mappView\Visualization\Resources\Texts\Package.pkg"
    LogicalPath="mappView.Visualization.Resources.Texts"
    Type="Package"
    LastWriteTime="133468370428346395" />
  <Object
    Path="C:\Users\maskeu\Desktop\All\projects\ECamp\CapProcess\Logical\mappView\Visualization\Resources\Snippets\Package.pkg"
    LogicalPath="mappView.Visualization.Resources.Snippets"
    Type="Package"
    LastWriteTime="133468370428396406" />
  <Object
    Path="C:\Users\maskeu\Desktop\All\projects\ECamp\CapProcess\Logical\mappView\Project.language"
    LogicalPath="mappView.Project.language"
    Type="File"
    LastWriteTime="133468370428516429"
    Private="false" />
  <Object
    Path="C:\Users\maskeu\Desktop\All\projects\ECamp\CapProcess\Logical\mappView\LocalizableTexts.tmx"
    LogicalPath="mappView.LocalizableTexts.tmx"
    Type="File"
    LastWriteTime="133470060271670774"
    Private="false" />
  <Object
    Path="C:\Users\maskeu\Desktop\All\projects\ECamp\CapProcess\Physical\Config2\Config.pkg"
    LogicalPath="Config2"
    Type="Configuration.ParentUnknown"
    LastWriteTime="133464989108815435" />
  <Object
    Path="C:\Users\maskeu\Desktop\All\projects\ECamp\CapProcess\Physical\Config2\Hardware.hw"
    LogicalPath="Config2.Hardware.hw"
    Type="File"
    LastWriteTime="133465086324189994"
    Private="false" />
  <Object
    Path="C:\Users\maskeu\Desktop\All\projects\ECamp\CapProcess\Physical\Config2\Hardware.hwl"
    LogicalPath="Config2.Hardware.hwl"
    Type="File"
    LastWriteTime="133464989107282480"
    Private="false" />
  <Object
    Path="C:\Users\maskeu\Desktop\All\projects\ECamp\CapProcess\Physical\Config2\PC\Cpu.pkg"
    LogicalPath="Config2.PC"
    Type="Cpu"
    LastWriteTime="133470090927201792" />
  <Object
    Path="C:\Users\maskeu\Desktop\All\projects\ECamp\CapProcess\Physical\Config2\PC\Cpu.sw"
    LogicalPath="Config2.PC.Cpu.sw"
    Type="File"
    LastWriteTime="133467477983254247"
    Private="false" />
  <Object
    Path="C:\Users\maskeu\Desktop\All\projects\ECamp\CapProcess\Physical\Config2\PC\Cpu.per"
    LogicalPath="Config2.PC.Cpu.per"
    Type="File"
    LastWriteTime="133464989107353003"
    Private="false" />
  <Object
    Path="C:\Users\maskeu\Desktop\All\projects\ECamp\CapProcess\Physical\Config2\PC\IoMap.iom"
    LogicalPath="Config2.PC.IoMap.iom"
    Type="File"
    LastWriteTime="133464989107382482"
    Private="false" />
  <Object
    Path="C:\Users\maskeu\Desktop\All\projects\ECamp\CapProcess\Physical\Config2\PC\PvMap.vvm"
    LogicalPath="Config2.PC.PvMap.vvm"
    Type="File"
    LastWriteTime="133467476634543735"
    Private="false" />
  <Object
    Path="C:\Users\maskeu\Desktop\All\projects\ECamp\CapProcess\Physical\Config2\PC\Connectivity\Package.pkg"
    LogicalPath="Config2.PC.Connectivity"
    Type="Package"
    LastWriteTime="133464989107496786" />
  <Object
    Path="C:\Users\maskeu\Desktop\All\projects\ECamp\CapProcess\Physical\Config2\PC\Connectivity\OpcUA\Package.pkg"
    LogicalPath="Config2.PC.Connectivity.OpcUA"
    Type="Package"
    LastWriteTime="133468373183169471" />
  <Object
    Path="C:\Users\maskeu\Desktop\All\projects\ECamp\CapProcess\Physical\Config2\PC\Connectivity\OpcUA\OpcUaMap.uad"
    LogicalPath="Config2.PC.Connectivity.OpcUA.OpcUaMap.uad"
    Type="File"
    LastWriteTime="133470065514878042"
    Private="false" />
  <Object
    Path="C:\Users\maskeu\Desktop\All\projects\ECamp\CapProcess\Physical\Config2\PC\Connectivity\OpcUaFx\Package.pkg"
    LogicalPath="Config2.PC.Connectivity.OpcUaFx"
    Type="Package"
    LastWriteTime="133464989107486786" />
  <Object
    Path="C:\Users\maskeu\Desktop\All\projects\ECamp\CapProcess\Physical\Config2\PC\TextSystem\Package.pkg"
    LogicalPath="Config2.PC.TextSystem"
    Type="Package"
    LastWriteTime="133464989107551614" />
  <Object
    Path="C:\Users\maskeu\Desktop\All\projects\ECamp\CapProcess\Physical\Config2\PC\TextSystem\TC.textconfig"
    LogicalPath="Config2.PC.TextSystem.TC.textconfig"
    Type="File"
    LastWriteTime="133464989107541626"
    Private="false" />
  <Object
    Path="C:\Users\maskeu\Desktop\All\projects\ECamp\CapProcess\Physical\Config2\PC\UnitSystem\Package.pkg"
    LogicalPath="Config2.PC.UnitSystem"
    Type="Package"
    LastWriteTime="133464989107581607" />
  <Object
    Path="C:\Users\maskeu\Desktop\All\projects\ECamp\CapProcess\Physical\Config2\PC\AccessAndSecurity\Package.pkg"
    LogicalPath="Config2.PC.AccessAndSecurity"
    Type="Package"
    LastWriteTime="133464989108130031" />
  <Object
    Path="C:\Users\maskeu\Desktop\All\projects\ECamp\CapProcess\Physical\Config2\PC\AccessAndSecurity\UserRoleSystem\Package.pkg"
    LogicalPath="Config2.PC.AccessAndSecurity.UserRoleSystem"
    Type="Package"
    LastWriteTime="133464989107681602" />
  <Object
    Path="C:\Users\maskeu\Desktop\All\projects\ECamp\CapProcess\Physical\Config2\PC\AccessAndSecurity\UserRoleSystem\Role.role"
    LogicalPath="Config2.PC.AccessAndSecurity.UserRoleSystem.Role.role"
    Type="File"
    LastWriteTime="133464994261809327"
    Private="false" />
  <Object
    Path="C:\Users\maskeu\Desktop\All\projects\ECamp\CapProcess\Physical\Config2\PC\AccessAndSecurity\UserRoleSystem\User.user"
    LogicalPath="Config2.PC.AccessAndSecurity.UserRoleSystem.User.user"
    Type="File"
    LastWriteTime="133464994494107424"
    Private="false" />
  <Object
    Path="C:\Users\maskeu\Desktop\All\projects\ECamp\CapProcess\Physical\Config2\PC\AccessAndSecurity\CertificateStore\Package.pkg"
    LogicalPath="Config2.PC.AccessAndSecurity.CertificateStore"
    Type="Package"
    LastWriteTime="133464989108020036" />
  <Object
    Path="C:\Users\maskeu\Desktop\All\projects\ECamp\CapProcess\Physical\Config2\PC\AccessAndSecurity\CertificateStore\OwnCertificates\Package.pkg"
    LogicalPath="Config2.PC.AccessAndSecurity.CertificateStore.OwnCertificates"
    Type="Package"
    LastWriteTime="133464989107831604" />
  <Object
    Path="C:\Users\maskeu\Desktop\All\projects\ECamp\CapProcess\Physical\Config2\PC\AccessAndSecurity\CertificateStore\OwnCertificates\Certificates\Package.pkg"
    LogicalPath="Config2.PC.AccessAndSecurity.CertificateStore.OwnCertificates.Certificates"
    Type="Package"
    LastWriteTime="133464989107781606" />
  <Object
    Path="C:\Users\maskeu\Desktop\All\projects\ECamp\CapProcess\Physical\Config2\PC\AccessAndSecurity\CertificateStore\OwnCertificates\PrivateKeys\Package.pkg"
    LogicalPath="Config2.PC.AccessAndSecurity.CertificateStore.OwnCertificates.PrivateKeys"
    Type="Package"
    LastWriteTime="133464989107821603" />
  <Object
    Path="C:\Users\maskeu\Desktop\All\projects\ECamp\CapProcess\Physical\Config2\PC\AccessAndSecurity\CertificateStore\ThirdPartyCertificates\Package.pkg"
    LogicalPath="Config2.PC.AccessAndSecurity.CertificateStore.ThirdPartyCertificates"
    Type="Package"
    LastWriteTime="133464989107921603" />
  <Object
    Path="C:\Users\maskeu\Desktop\All\projects\ECamp\CapProcess\Physical\Config2\PC\AccessAndSecurity\CertificateStore\ThirdPartyCertificates\SoftwareCertificates\Package.pkg"
    LogicalPath="Config2.PC.AccessAndSecurity.CertificateStore.ThirdPartyCertificates.SoftwareCertificates"
    Type="Package"
    LastWriteTime="133464989107911604" />
  <Object
    Path="C:\Users\maskeu\Desktop\All\projects\ECamp\CapProcess\Physical\Config2\PC\AccessAndSecurity\CertificateStore\CertificateRevocationLists\Package.pkg"
    LogicalPath="Config2.PC.AccessAndSecurity.CertificateStore.CertificateRevocationLists"
    Type="Package"
    LastWriteTime="133464989107970326" />
  <Object
    Path="C:\Users\maskeu\Desktop\All\projects\ECamp\CapProcess\Physical\Config2\PC\AccessAndSecurity\CertificateStore\CertificateSigningRequests\Package.pkg"
    LogicalPath="Config2.PC.AccessAndSecurity.CertificateStore.CertificateSigningRequests"
    Type="Package"
    LastWriteTime="133464989108010036" />
  <Object
    Path="C:\Users\maskeu\Desktop\All\projects\ECamp\CapProcess\Physical\Config2\PC\AccessAndSecurity\TransportLayerSecurity\Package.pkg"
    LogicalPath="Config2.PC.AccessAndSecurity.TransportLayerSecurity"
    Type="Package"
    LastWriteTime="133464989108060037" />
  <Object
    Path="C:\Users\maskeu\Desktop\All\projects\ECamp\CapProcess\Physical\Config2\PC\AccessAndSecurity\Firewall\Package.pkg"
    LogicalPath="Config2.PC.AccessAndSecurity.Firewall"
    Type="Package"
    LastWriteTime="133464989108120042" />
  <Object
    Path="C:\Users\maskeu\Desktop\All\projects\ECamp\CapProcess\Physical\Config2\PC\AccessAndSecurity\Firewall\Rules.firewallRules"
    LogicalPath="Config2.PC.AccessAndSecurity.Firewall.Rules.firewallRules"
    Type="File"
    LastWriteTime="133464989108110030"
    Private="false" />
  <Object
    Path="C:\Users\maskeu\Desktop\All\projects\ECamp\CapProcess\Physical\Config2\PC\mappControl\Package.pkg"
    LogicalPath="Config2.PC.mappControl"
    Type="Package"
    LastWriteTime="133464989108170033" />
  <Object
    Path="C:\Users\maskeu\Desktop\All\projects\ECamp\CapProcess\Physical\Config2\PC\mappMotion\Package.pkg"
    LogicalPath="Config2.PC.mappMotion"
    Type="Package"
    LastWriteTime="133464989108200030" />
  <Object
    Path="C:\Users\maskeu\Desktop\All\projects\ECamp\CapProcess\Physical\Config2\PC\mappServices\Package.pkg"
    LogicalPath="Config2.PC.mappServices"
    Type="Package"
    LastWriteTime="133464989108294248" />
  <Object
    Path="C:\Users\maskeu\Desktop\All\projects\ECamp\CapProcess\Physical\Config2\PC\mappServices\Alarms.mpalarmxcore"
    LogicalPath="Config2.PC.mappServices.Alarms.mpalarmxcore"
    Type="File"
    LastWriteTime="133469446350924390"
    Private="false" />
  <Object
    Path="C:\Users\maskeu\Desktop\All\projects\ECamp\CapProcess\Physical\Config2\PC\mappServices\UserMgt.mpuserx"
    LogicalPath="Config2.PC.mappServices.UserMgt.mpuserx"
    Type="File"
    LastWriteTime="133465000950483080"
    Private="false" />
  <Object
    Path="C:\Users\maskeu\Desktop\All\projects\ECamp\CapProcess\Physical\Config2\PC\mappSafety\Package.pkg"
    LogicalPath="Config2.PC.mappSafety"
    Type="Package"
    LastWriteTime="133464989108406217" />
  <Object
    Path="C:\Users\maskeu\Desktop\All\projects\ECamp\CapProcess\Physical\Config2\PC\mappSafety\SafeApplication\Package.pkg"
    LogicalPath="Config2.PC.mappSafety.SafeApplication"
    Type="Package"
    LastWriteTime="133464989108356217" />
  <Object
    Path="C:\Users\maskeu\Desktop\All\projects\ECamp\CapProcess\Physical\Config2\PC\mappSafety\SafeCommissioning\Package.pkg"
    LogicalPath="Config2.PC.mappSafety.SafeCommissioning"
    Type="Package"
    LastWriteTime="133464989108396213" />
  <Object
    Path="C:\Users\maskeu\Desktop\All\projects\ECamp\CapProcess\Physical\Config2\PC\mappView\Package.pkg"
    LogicalPath="Config2.PC.mappView"
    Type="Package"
    LastWriteTime="133469422637778636" />
  <Object
    Path="C:\Users\maskeu\Desktop\All\projects\ECamp\CapProcess\Physical\Config2\PC\mappView\Visualizat.vis"
    LogicalPath="Config2.PC.mappView.Visualizat.vis"
    Type="File"
    LastWriteTime="133469422639028599"
    Private="false" />
  <Object
    Path="C:\Users\maskeu\Desktop\All\projects\ECamp\CapProcess\Physical\Config2\PC\mappView\Config.mappviewcfg"
    LogicalPath="Config2.PC.mappView.Config.mappviewcfg"
    Type="File"
    LastWriteTime="133464993059352205"
    Private="false" />
  <Object
    Path="C:\Users\maskeu\Desktop\All\projects\ECamp\CapProcess\Physical\Config2\PC\mappView\AlarmsContent.binding"
    LogicalPath="Config2.PC.mappView.AlarmsContent.binding"
    Type="File"
    LastWriteTime="133464989108505438"
    Private="false" />
  <Object
    Path="C:\Users\maskeu\Desktop\All\projects\ECamp\CapProcess\Physical\Config2\PC\mappView\UserMgtContent.eventbinding"
    LogicalPath="Config2.PC.mappView.UserMgtContent.eventbinding"
    Type="File"
    LastWriteTime="133464997845216207"
    Private="false" />
  <Object
    Path="C:\Users\maskeu\Desktop\All\projects\ECamp\CapProcess\Physical\Config2\PC\mappView\NavBarContent.eventbinding"
    LogicalPath="Config2.PC.mappView.NavBarContent.eventbinding"
    Type="File"
    LastWriteTime="133469432524392086"
    Private="false" />
  <Object
    Path="C:\Users\maskeu\Desktop\All\projects\ECamp\CapProcess\Physical\Config2\PC\mappView\ManualMode.eventbinding"
    LogicalPath="Config2.PC.mappView.ManualMode.eventbinding"
    Type="File"
    LastWriteTime="133468475130338203"
    Private="false" />
  <Object
    Path="C:\Users\maskeu\Desktop\All\projects\ECamp\CapProcess\Physical\Config2\PC\mappView\ManualMode.binding"
    LogicalPath="Config2.PC.mappView.ManualMode.binding"
    Type="File"
    LastWriteTime="133469441067923988"
    Private="false" />
  <Object
    Path="C:\Users\maskeu\Desktop\All\projects\ECamp\CapProcess\Physical\Config2\PC\mappView\BodyContent.binding"
    LogicalPath="Config2.PC.mappView.BodyContent.binding"
    Type="File"
    LastWriteTime="133469358604421016"
    Private="false" />
  <Object
    Path="C:\Users\maskeu\Desktop\All\projects\ECamp\CapProcess\Physical\Config2\PC\mappView\content_0.binding"
    LogicalPath="Config2.PC.mappView.content_0.binding"
    Type="File"
    LastWriteTime="133470065862495754"
    Private="false" />
  <Object
    Path="C:\Users\maskeu\Desktop\All\projects\ECamp\CapProcess\Physical\Config2\PC\mappView\BodyContent.eventbinding"
    LogicalPath="Config2.PC.mappView.BodyContent.eventbinding"
    Type="File"
    LastWriteTime="133469430931347781"
    Private="false" />
  <Object
    Path="C:\Users\maskeu\Desktop\All\projects\ECamp\CapProcess\Physical\Config2\PC\mappVision\Package.pkg"
    LogicalPath="Config2.PC.mappVision"
    Type="Package"
    LastWriteTime="133464989108555436" />
  <Object
    Path="C:\Users\maskeu\Desktop\All\projects\ECamp\CapProcess\Physical\Config2\PC\mappCockpit\Package.pkg"
    LogicalPath="Config2.PC.mappCockpit"
    Type="Package"
    LastWriteTime="133464989108585437" />
  <Object
    Path="C:\Users\maskeu\Desktop\All\projects\ECamp\CapProcess\Physical\Config2\PC\Motion\Package.pkg"
    LogicalPath="Config2.PC.Motion"
    Type="Package"
    LastWriteTime="133467521084408467" />
  <Object
    Path="C:\Users\maskeu\Desktop\All\projects\ECamp\CapProcess\Physical\Config2\PC\Motion\Acp10map.ncm"
    LogicalPath="Config2.PC.Motion.Acp10map.ncm"
    Type="File"
    LastWriteTime="133467522784453982"
    Private="false" />
  <Object
    Path="C:\Users\maskeu\Desktop\All\projects\ECamp\CapProcess\Physical\Config2\PC\Motion\Acp10cfg.ncc"
    LogicalPath="Config2.PC.Motion.Acp10cfg.ncc"
    Type="File"
    LastWriteTime="133464989108655438"
    Private="false" />
  <Object
    Path="C:\Users\maskeu\Desktop\All\projects\ECamp\CapProcess\Physical\Config2\PC\Motion\Acp10sys.br"
    LogicalPath="Config2.PC.Motion.Acp10sys.br"
    Type="File"
    LastWriteTime="133464989108715824"
    Private="false" />
  <Object
    Path="C:\Users\maskeu\Desktop\All\projects\ECamp\CapProcess\Physical\Config2\PC\Motion\LogoAxis.mpaxisbasic"
    LogicalPath="Config2.PC.Motion.LogoAxis.mpaxisbasic"
    Type="File"
    LastWriteTime="133464989108745436"
    Private="false" />
  <Object
    Path="C:\Users\maskeu\Desktop\All\projects\ECamp\CapProcess\Physical\Config2\PC\Motion\SortAxis.mpaxisbasic"
    LogicalPath="Config2.PC.Motion.SortAxis.mpaxisbasic"
    Type="File"
    LastWriteTime="133467519392136411"
    Private="false" />
  <Object
    Path="C:\Users\maskeu\Desktop\All\projects\ECamp\CapProcess\Physical\Config2\Hardware.jpg"
    LogicalPath="Config2.Hardware.jpg"
    Type="File"
    LastWriteTime="133464989108795433"
    Private="false" />
</Objects>